('3.71e-03', '9.42e-04', '9.33e-05', '9.26e-06')
('1.85e-03', '4.69e-04', '3.30e-05', '2.21e-06')
('9.22e-04', '2.34e-04', '1.14e-05', '5.32e-07')
('2.66e-02', '1.01e-02', '4.86e-04', '2.90e-04')
('1.32e-02', '5.05e-03', '1.67e-04', '7.38e-05')
('6.59e-03', '2.52e-03', '5.18e-05', '1.85e-05')
('6.15e-03', '3.86e-03', '1.60e-04', '5.94e-05')
('3.07e-03', '1.93e-03', '3.85e-05', '1.56e-05')
('1.54e-03', '9.67e-04', '1.08e-05', '4.03e-06')
